nsys child python: /raid/data/aihimekpen/venvs/research_summer_2026/bin/python
2026-08-05 14:04:07,571 [INFO] MockG1CleanTableEnv initialised | DOF=29 | img=(224, 224)
Loading UnifoLM (may download weights)…
2026-08-05 14:04:08,150 [INFO] Loading model: unitreerobotics/UnifoLM-VLA-Base | INT4=False | FP16=True | cuda_graph=True

Fetching 3 files:   0%|          | 0/3 [00:00<?, ?it/s]
Fetching 3 files: 100%|██████████| 3/3 [00:00<00:00, 926.37it/s]
[2;36m08/05 [14:04:09][0m[2;36m [0m[34mINFO    [0m | >> [1m[[0m*[1m][0m Loading from local         ]8;id=9354820;file:///home/aihimekpen/research_summer_2026/unifolm-vla/src/unifolm_vla/model/framework/share_tools.py\[2mshare_tools.py[0m]8;;\[2m:[0m]8;id=9354821;file:///home/aihimekpen/research_summer_2026/unifolm-vla/src/unifolm_vla/model/framework/share_tools.py#199\[2m199[0m]8;;\
[2;36m                 [0m         checkpoint path                     [2m                  [0m
[2;36m                 [0m         `[35m/raid/data/aihimekpen/hf_cache/hub[0m [2m                  [0m
[2;36m                 [0m         [35m/models--unitreerobotics--UnifoLM-V[0m [2m                  [0m
[2;36m                 [0m         [35mLA-Base/snapshots/06fee5014922ba679[0m [2m                  [0m
[2;36m                 [0m         [35m1cfe48d1e4aefac995dd8a2/checkpoints[0m [2m                  [0m
[2;36m                 [0m         [35m/[0m[95mpytorch_model.pt[0m`                  [2m                  [0m
/home/aihimekpen/research_summer_2026/research/results/step1_profiling_unifolm_vla0/nsight_systems_20260805_140403/nsys_runner.py
Using G1_EE_6D constants:
 in constants.py NUM_ACTIONS_CHUNK = 25
  ACTION_DIM = 23
  PROPRIO_DIM = 23
  ACTION_PROPRIO_NORMALIZATION_TYPE = bounds_q99
If needed, manually set the correct constants in `training/vla/constants.py`!

Loading checkpoint shards:   0%|          | 0/4 [00:00<?, ?it/s]
Loading checkpoint shards:  25%|██▌       | 1/4 [00:01<00:03,  1.15s/it]
Loading checkpoint shards:  50%|█████     | 2/4 [00:02<00:02,  1.15s/it]
Loading checkpoint shards:  75%|███████▌  | 3/4 [00:03<00:01,  1.14s/it]
Loading checkpoint shards: 100%|██████████| 4/4 [00:03<00:00,  1.10it/s]
Loading checkpoint shards: 100%|██████████| 4/4 [00:03<00:00,  1.00it/s]
Using a slow image processor as `use_fast` is unset and a slow processor was saved with this model. `use_fast=True` will be the default behavior in v4.48, even if the model was saved with a slow processor. This will result in minor differences in outputs. You'll still be able to use a slow processor with `use_fast=False`.
Total number of DiT parameters:  588135424
[2;36m08/05 [14:04:33][0m[2;36m [0m[33mWARNING [0m | >> [1m[[0m*[1m][0m Strict load failed;      ]8;id=9354828;file:///home/aihimekpen/research_summer_2026/unifolm-vla/src/unifolm_vla/model/framework/base_framework.py\[2mbase_framework.py[0m]8;;\[2m:[0m]8;id=9354829;file:///home/aihimekpen/research_summer_2026/unifolm-vla/src/unifolm_vla/model/framework/base_framework.py#93\[2m93[0m]8;;\
[2;36m                 [0m         retrying non-strict. Missing      [2m                    [0m
[2;36m                 [0m         [33mkeys[0m=[1;36m728[0m [1m([0mfirst [1;36m20[0m[1m)[0m:              [2m                    [0m
[2;36m                 [0m         [1m[[0m[32m'qwen_vl_interface.model.model.e[0m [2m                    [0m
[2;36m                 [0m         [32mmbed_tokens.weight'[0m,              [2m                    [0m
[2;36m                 [0m         [32m'qwen_vl_interface.model.model.la[0m [2m                    [0m
[2;36m                 [0m         [32myers.0.input_layernorm.weight'[0m,   [2m                    [0m
[2;36m                 [0m         [32m'qwen_vl_interface.model.model.la[0m [2m                    [0m
[2;36m                 [0m         [32myers.0.mlp.down_proj.weight'[0m,     [2m                    [0m
[2;36m                 [0m         [32m'qwen_vl_interface.model.model.la[0m [2m                    [0m
[2;36m                 [0m         [32myers.0.mlp.gate_proj.weight'[0m,     [2m                    [0m
[2;36m                 [0m         [32m'qwen_vl_interface.model.model.la[0m [2m                    [0m
[2;36m                 [0m         [32myers.0.mlp.up_proj.weight'[0m,       [2m                    [0m
[2;36m                 [0m         [32m'qwen_vl_interface.model.model.la[0m [2m                    [0m
[2;36m                 [0m         [32myers.0.post_attention_layernorm.w[0m [2m                    [0m
[2;36m                 [0m         [32meight'[0m,                           [2m                    [0m
[2;36m                 [0m         [32m'qwen_vl_interface.model.model.la[0m [2m                    [0m
[2;36m                 [0m         [32myers.0.self_attn.k_proj.bias'[0m,    [2m                    [0m
[2;36m                 [0m         [32m'qwen_vl_interface.model.model.la[0m [2m                    [0m
[2;36m                 [0m         [32myers.0.self_attn.k_proj.weight'[0m,  [2m                    [0m
[2;36m                 [0m         [32m'qwen_vl_interface.model.model.la[0m [2m                    [0m
[2;36m                 [0m         [32myers.0.self_attn.o_proj.weight'[0m,  [2m                    [0m
[2;36m                 [0m         [32m'qwen_vl_interface.model.model.la[0m [2m                    [0m
[2;36m                 [0m         [32myers.0.self_attn.q_proj.bias'[0m,    [2m                    [0m
[2;36m                 [0m         [32m'qwen_vl_interface.model.model.la[0m [2m                    [0m
[2;36m                 [0m         [32myers.0.self_attn.q_proj.weight'[0m,  [2m                    [0m
[2;36m                 [0m         [32m'qwen_vl_interface.model.model.la[0m [2m                    [0m
[2;36m                 [0m         [32myers.0.self_attn.v_proj.bias'[0m,    [2m                    [0m
[2;36m                 [0m         [32m'qwen_vl_interface.model.model.la[0m [2m                    [0m
[2;36m                 [0m         [32myers.0.self_attn.v_proj.weight'[0m,  [2m                    [0m
[2;36m                 [0m         [32m'qwen_vl_interface.model.model.la[0m [2m                    [0m
[2;36m                 [0m         [32myers.1.input_layernorm.weight'[0m,   [2m                    [0m
[2;36m                 [0m         [32m'qwen_vl_interface.model.model.la[0m [2m                    [0m
[2;36m                 [0m         [32myers.1.mlp.down_proj.weight'[0m,     [2m                    [0m
[2;36m                 [0m         [32m'qwen_vl_interface.model.model.la[0m [2m                    [0m
[2;36m                 [0m         [32myers.1.mlp.gate_proj.weight'[0m,     [2m                    [0m
[2;36m                 [0m         [32m'qwen_vl_interface.model.model.la[0m [2m                    [0m
[2;36m                 [0m         [32myers.1.mlp.up_proj.weight'[0m,       [2m                    [0m
[2;36m                 [0m         [32m'qwen_vl_interface.model.model.la[0m [2m                    [0m
[2;36m                 [0m         [32myers.1.post_attention_layernorm.w[0m [2m                    [0m
[2;36m                 [0m         [32meight'[0m,                           [2m                    [0m
[2;36m                 [0m         [32m'qwen_vl_interface.model.model.la[0m [2m                    [0m
[2;36m                 [0m         [32myers.1.self_attn.k_proj.bias'[0m,    [2m                    [0m
[2;36m                 [0m         [32m'qwen_vl_interface.model.model.la[0m [2m                    [0m
[2;36m                 [0m         [32myers.1.self_attn.k_proj.weight'[0m[1m][0m  [2m                    [0m
[2;36m                [0m[2;36m [0m[33mWARNING [0m | >> [1m[[0m*[1m][0m Strict load failed;      ]8;id=9354835;file:///home/aihimekpen/research_summer_2026/unifolm-vla/src/unifolm_vla/model/framework/base_framework.py\[2mbase_framework.py[0m]8;;\[2m:[0m]8;id=9354836;file:///home/aihimekpen/research_summer_2026/unifolm-vla/src/unifolm_vla/model/framework/base_framework.py#98\[2m98[0m]8;;\
[2;36m                 [0m         retrying non-strict. Unexpected   [2m                    [0m
[2;36m                 [0m         [33mkeys[0m=[1;36m728[0m [1m([0mfirst [1;36m20[0m[1m)[0m:              [2m                    [0m
[2;36m                 [0m         [1m[[0m[32m'qwen_vl_interface.model.model.l[0m [2m                    [0m
[2;36m                 [0m         [32manguage_model.embed_tokens.weight[0m [2m                    [0m
[2;36m                 [0m         [32m'[0m,                                [2m                    [0m
[2;36m                 [0m         [32m'qwen_vl_interface.model.model.la[0m [2m                    [0m
[2;36m                 [0m         [32mnguage_model.layers.0.input_layer[0m [2m                    [0m
[2;36m                 [0m         [32mnorm.weight'[0m,                     [2m                    [0m
[2;36m                 [0m         [32m'qwen_vl_interface.model.model.la[0m [2m                    [0m
[2;36m                 [0m         [32mnguage_model.layers.0.mlp.down_pr[0m [2m                    [0m
[2;36m                 [0m         [32moj.weight'[0m,                       [2m                    [0m
[2;36m                 [0m         [32m'qwen_vl_interface.model.model.la[0m [2m                    [0m
[2;36m                 [0m         [32mnguage_model.layers.0.mlp.gate_pr[0m [2m                    [0m
[2;36m                 [0m         [32moj.weight'[0m,                       [2m                    [0m
[2;36m                 [0m         [32m'qwen_vl_interface.model.model.la[0m [2m                    [0m
[2;36m                 [0m         [32mnguage_model.layers.0.mlp.up_proj[0m [2m                    [0m
[2;36m                 [0m         [32m.weight'[0m,                         [2m                    [0m
[2;36m                 [0m         [32m'qwen_vl_interface.model.model.la[0m [2m                    [0m
[2;36m                 [0m         [32mnguage_model.layers.0.post_attent[0m [2m                    [0m
[2;36m                 [0m         [32mion_layernorm.weight'[0m,            [2m                    [0m
[2;36m                 [0m         [32m'qwen_vl_interface.model.model.la[0m [2m                    [0m
[2;36m                 [0m         [32mnguage_model.layers.0.self_attn.k[0m [2m                    [0m
[2;36m                 [0m         [32m_proj.bias'[0m,                      [2m                    [0m
[2;36m                 [0m         [32m'qwen_vl_interface.model.model.la[0m [2m                    [0m
[2;36m                 [0m         [32mnguage_model.layers.0.self_attn.k[0m [2m                    [0m
[2;36m                 [0m         [32m_proj.weight'[0m,                    [2m                    [0m
[2;36m                 [0m         [32m'qwen_vl_interface.model.model.la[0m [2m                    [0m
[2;36m                 [0m         [32mnguage_model.layers.0.self_attn.o[0m [2m                    [0m
[2;36m                 [0m         [32m_proj.weight'[0m,                    [2m                    [0m
[2;36m                 [0m         [32m'qwen_vl_interface.model.model.la[0m [2m                    [0m
[2;36m                 [0m         [32mnguage_model.layers.0.self_attn.q[0m [2m                    [0m
[2;36m                 [0m         [32m_proj.bias'[0m,                      [2m                    [0m
[2;36m                 [0m         [32m'qwen_vl_interface.model.model.la[0m [2m                    [0m
[2;36m                 [0m         [32mnguage_model.layers.0.self_attn.q[0m [2m                    [0m
[2;36m                 [0m         [32m_proj.weight'[0m,                    [2m                    [0m
[2;36m                 [0m         [32m'qwen_vl_interface.model.model.la[0m [2m                    [0m
[2;36m                 [0m         [32mnguage_model.layers.0.self_attn.v[0m [2m                    [0m
[2;36m                 [0m         [32m_proj.bias'[0m,                      [2m                    [0m
[2;36m                 [0m         [32m'qwen_vl_interface.model.model.la[0m [2m                    [0m
[2;36m                 [0m         [32mnguage_model.layers.0.self_attn.v[0m [2m                    [0m
[2;36m                 [0m         [32m_proj.weight'[0m,                    [2m                    [0m
[2;36m                 [0m         [32m'qwen_vl_interface.model.model.la[0m [2m                    [0m
[2;36m                 [0m         [32mnguage_model.layers.1.input_layer[0m [2m                    [0m
[2;36m                 [0m         [32mnorm.weight'[0m,                     [2m                    [0m
[2;36m                 [0m         [32m'qwen_vl_interface.model.model.la[0m [2m                    [0m
[2;36m                 [0m         [32mnguage_model.layers.1.mlp.down_pr[0m [2m                    [0m
[2;36m                 [0m         [32moj.weight'[0m,                       [2m                    [0m
[2;36m                 [0m         [32m'qwen_vl_interface.model.model.la[0m [2m                    [0m
[2;36m                 [0m         [32mnguage_model.layers.1.mlp.gate_pr[0m [2m                    [0m
[2;36m                 [0m         [32moj.weight'[0m,                       [2m                    [0m
[2;36m                 [0m         [32m'qwen_vl_interface.model.model.la[0m [2m                    [0m
[2;36m                 [0m         [32mnguage_model.layers.1.mlp.up_proj[0m [2m                    [0m
[2;36m                 [0m         [32m.weight'[0m,                         [2m                    [0m
[2;36m                 [0m         [32m'qwen_vl_interface.model.model.la[0m [2m                    [0m
[2;36m                 [0m         [32mnguage_model.layers.1.post_attent[0m [2m                    [0m
[2;36m                 [0m         [32mion_layernorm.weight'[0m,            [2m                    [0m
[2;36m                 [0m         [32m'qwen_vl_interface.model.model.la[0m [2m                    [0m
[2;36m                 [0m         [32mnguage_model.layers.1.self_attn.k[0m [2m                    [0m
[2;36m                 [0m         [32m_proj.bias'[0m,                      [2m                    [0m
[2;36m                 [0m         [32m'qwen_vl_interface.model.model.la[0m [2m                    [0m
[2;36m                 [0m         [32mnguage_model.layers.1.self_attn.k[0m [2m                    [0m
[2;36m                 [0m         [32m_proj.weight'[0m[1m][0m                    [2m                    [0m
[2;36m                [0m[2;36m [0m[34mINFO    [0m | >> [1m[[0m*[1m][0m Checkpoint loaded with  ]8;id=9354842;file:///home/aihimekpen/research_summer_2026/unifolm-vla/src/unifolm_vla/model/framework/base_framework.py\[2mbase_framework.py[0m]8;;\[2m:[0m]8;id=9354843;file:///home/aihimekpen/research_summer_2026/unifolm-vla/src/unifolm_vla/model/framework/base_framework.py#103\[2m103[0m]8;;\
[2;36m                 [0m         [33mstrict[0m=[3;91mFalse[0m | [33mmissing[0m=[1;36m728[0m       [2m                     [0m
[2;36m                 [0m         [33munexpected[0m=[1;36m728[0m                   [2m                     [0m
Model ready; mock= False
warmup 1/1
profile 1/3
profile 2/3
profile 3/3
NSYS target run complete
The target application terminated. One or more process it created re-parented.
Waiting for termination of re-parented processes.
Use the `--wait` option to modify this behavior.
Generating '/tmp/nsys-report-f91d.qdstrm'

[1/1] [0%                          ] unifolm_vla0_nsys.nsys-rep
[1/1] [0%                          ] unifolm_vla0_nsys.nsys-rep
[1/1] [====28%                     ] unifolm_vla0_nsys.nsys-rep
[1/1] [============57%             ] unifolm_vla0_nsys.nsys-rep
[1/1] [9%                          ] unifolm_vla0_nsys.nsys-rep
[1/1] [5%                          ] unifolm_vla0_nsys.nsys-rep
[1/1] [6%                          ] unifolm_vla0_nsys.nsys-rep
[1/1] [7%                          ] unifolm_vla0_nsys.nsys-rep
[1/1] [8%                          ] unifolm_vla0_nsys.nsys-rep
[1/1] [5%                          ] unifolm_vla0_nsys.nsys-rep
[1/1] [6%                          ] unifolm_vla0_nsys.nsys-rep
[1/1] [0%                          ] unifolm_vla0_nsys.nsys-rep
[1/1] [7%                          ] unifolm_vla0_nsys.nsys-rep
[1/1] [6%                          ] unifolm_vla0_nsys.nsys-rep
[1/1] [9%                          ] unifolm_vla0_nsys.nsys-rep
[1/1] [8%                          ] unifolm_vla0_nsys.nsys-rep
[1/1] [10%                         ] unifolm_vla0_nsys.nsys-rep
[1/1] [13%                         ] unifolm_vla0_nsys.nsys-rep
[1/1] [=16%                        ] unifolm_vla0_nsys.nsys-rep
[1/1] [==18%                       ] unifolm_vla0_nsys.nsys-rep
[1/1] [==21%                       ] unifolm_vla0_nsys.nsys-rep
[1/1] [===23%                      ] unifolm_vla0_nsys.nsys-rep
[1/1] [====26%                     ] unifolm_vla0_nsys.nsys-rep
[1/1] [=====29%                    ] unifolm_vla0_nsys.nsys-rep
[1/1] [=====31%                    ] unifolm_vla0_nsys.nsys-rep
[1/1] [======34%                   ] unifolm_vla0_nsys.nsys-rep
[1/1] [=======36%                  ] unifolm_vla0_nsys.nsys-rep
[1/1] [=======39%                  ] unifolm_vla0_nsys.nsys-rep
[1/1] [========41%                 ] unifolm_vla0_nsys.nsys-rep
[1/1] [=========44%                ] unifolm_vla0_nsys.nsys-rep
[1/1] [==========47%               ] unifolm_vla0_nsys.nsys-rep
[1/1] [==========49%               ] unifolm_vla0_nsys.nsys-rep
[1/1] [===========52%              ] unifolm_vla0_nsys.nsys-rep
[1/1] [============54%             ] unifolm_vla0_nsys.nsys-rep
[1/1] [============57%             ] unifolm_vla0_nsys.nsys-rep
[1/1] [=============60%            ] unifolm_vla0_nsys.nsys-rep
[1/1] [==============62%           ] unifolm_vla0_nsys.nsys-rep
[1/1] [===============65%          ] unifolm_vla0_nsys.nsys-rep
[1/1] [===============67%          ] unifolm_vla0_nsys.nsys-rep
[1/1] [================70%         ] unifolm_vla0_nsys.nsys-rep
[1/1] [=================73%        ] unifolm_vla0_nsys.nsys-rep
[1/1] [==================75%       ] unifolm_vla0_nsys.nsys-rep
[1/1] [==================78%       ] unifolm_vla0_nsys.nsys-rep
[1/1] [===================80%      ] unifolm_vla0_nsys.nsys-rep
[1/1] [===================82%      ] unifolm_vla0_nsys.nsys-rep
[1/1] [====================85%     ] unifolm_vla0_nsys.nsys-rep
[1/1] [=====================87%    ] unifolm_vla0_nsys.nsys-rep
[1/1] [=====================89%    ] unifolm_vla0_nsys.nsys-rep
[1/1] [======================92%   ] unifolm_vla0_nsys.nsys-rep
[1/1] [=======================94%  ] unifolm_vla0_nsys.nsys-rep
[1/1] [=======================96%  ] unifolm_vla0_nsys.nsys-rep
[1/1] [========================97% ] unifolm_vla0_nsys.nsys-rep
[1/1] [========================100%] unifolm_vla0_nsys.nsys-rep
[1/1] [========================100%] unifolm_vla0_nsys.nsys-rep
Generated:
    /home/aihimekpen/research_summer_2026/research/results/step1_profiling_unifolm_vla0/nsight_systems_20260805_140403/unifolm_vla0_nsys.nsys-rep
